Traceback (most recent call last):
  File "E:\AgenticSystem\Leadai\Sales-Multi-Agent-AI\backend\api\channels.py", line 170, in get_settings
    company_id = str(user["_id"])
                     ~~~~^^^^^^^
KeyError: '_id'
Traceback (most recent call last):
  File "E:\AgenticSystem\Leadai\Sales-Multi-Agent-AI\backend\api\channels.py", line 190, in save_settings
    company_id = str(user["_id"])
                     ~~~~^^^^^^^
KeyError: '_id'
